execve("./bin/saludar", ["./bin/saludar", "francisco"], 0x7ffd53c68688 /* 54 vars */) = 0
brk(NULL)                               = 0x2721d000
access("/etc/ld.so.preload", R_OK)      = -1 ENOENT (No such file or directory)
openat(AT_FDCWD, "/etc/ld.so.cache", O_RDONLY|O_CLOEXEC) = 3
fstat(3, {st_mode=S_IFREG|0644, st_size=82063, ...}) = 0
mmap(NULL, 82063, PROT_READ, MAP_PRIVATE, 3, 0) = 0x7fb919629000
close(3)                                = 0
mmap(NULL, 8192, PROT_READ|PROT_WRITE, MAP_PRIVATE|MAP_ANONYMOUS, -1, 0) = 0x7fb919627000
openat(AT_FDCWD, "/lib64/libc.so.6", O_RDONLY|O_CLOEXEC) = 3
read(3, "\177ELF\2\1\1\3\0\0\0\0\0\0\0\0\3\0>\0\1\0\0\0p7\0\0\0\0\0\0"..., 832) = 832
pread64(3, "\6\0\0\0\4\0\0\0@\0\0\0\0\0\0\0@\0\0\0\0\0\0\0@\0\0\0\0\0\0\0"..., 784, 64) = 784
fstat(3, {st_mode=S_IFREG|0755, st_size=2455432, ...}) = 0
pread64(3, "\6\0\0\0\4\0\0\0@\0\0\0\0\0\0\0@\0\0\0\0\0\0\0@\0\0\0\0\0\0\0"..., 784, 64) = 784
mmap(NULL, 2042928, PROT_READ|PROT_EXEC, MAP_PRIVATE|MAP_DENYWRITE, 3, 0) = 0x7fb919434000
mmap(0x7fb9195a3000, 483328, PROT_READ, MAP_PRIVATE|MAP_FIXED|MAP_DENYWRITE, 3, 0x16f000) = 0x7fb9195a3000
mmap(0x7fb919619000, 24576, PROT_READ|PROT_WRITE, MAP_PRIVATE|MAP_FIXED|MAP_DENYWRITE, 3, 0x1e4000) = 0x7fb919619000
mmap(0x7fb91961f000, 31792, PROT_READ|PROT_WRITE, MAP_PRIVATE|MAP_FIXED|MAP_ANONYMOUS, -1, 0) = 0x7fb91961f000
close(3)                                = 0
mmap(NULL, 12288, PROT_READ|PROT_WRITE, MAP_PRIVATE|MAP_ANONYMOUS, -1, 0) = 0x7fb919431000
arch_prctl(ARCH_SET_FS, 0x7fb919431740) = 0
set_tid_address(0x7fb919431a10)         = 7335
set_robust_list(0x7fb919431a20, 24)     = 0
rseq(0x7fb919431680, 0x20, 0, 0x53053053) = 0
mprotect(0x7fb919619000, 16384, PROT_READ) = 0
mprotect(0x402000, 4096, PROT_READ)     = 0
mprotect(0x7fb91967c000, 8192, PROT_READ) = 0
prlimit64(0, RLIMIT_STACK, NULL, {rlim_cur=8192*1024, rlim_max=RLIM64_INFINITY}) = 0
getrandom("\x51\x7e\xb5\xab\xeb\x8a\xe3\x25", 8, GRND_NONBLOCK) = 8
munmap(0x7fb919629000, 82063)           = 0
fstat(1, {st_mode=S_IFCHR|0600, st_rdev=makedev(0x88, 0), ...}) = 0
brk(NULL)                               = 0x2721d000
brk(0x2723e000)                         = 0x2723e000
write(1, "Hola francisco\n", 15)        = 15
exit_group(0)                           = ?
+++ exited with 0 +++
